##MuTect:1.1.6-0-g6fe4f4c Gatk:2.7-1-g42d771f
contig	position	context	ref_allele	alt_allele	tumor_name	normal_name	score	dbsnp_site	covered	power	tumor_power	normal_power	normal_power_nsp	normal_power_wsp	total_reads	map_Q0_reads	init_t_lod	t_lod_fstar	t_lod_fstar_forward	t_lod_fstar_reverse	tumor_f	contaminant_fraction	contaminant_lod	t_q20_count	t_ref_count	t_alt_count	t_ref_sum	t_alt_sum	t_ref_max_mapq	t_alt_max_mapq	t_ins_count	t_del_count	normal_best_gt	init_n_lod	normal_f	n_q20_count	n_ref_count	n_alt_count	n_ref_sum	n_alt_sum	power_to_detect_positive_strand_artifact	power_to_detect_negative_strand_artifact	strand_bias_counts	tumor_alt_fpir_median	tumor_alt_fpir_mad	tumor_alt_rpir_median	tumor_alt_rpir_mad	observed_in_normals_count	failure_reasons	judgement
hla_b_39_01_01_02l	360	TGAxTGC	G	C	foo	foo	0	NOVEL	UNCOVERED	0.139341	0.139832	0.99649	0.99649	0	27	0	25.927275	26.000014	8.053996	21.970977	0.583333	0.02	-0.105279	12	5	7	181	262	70	70	0	0	GG	4.513436	0	15	15	0	522	0	0.999725	0.85511	(0,5,2,5)	45	17	30	17	0		KEEP
